// Jest Snapshot v1, https://goo.gl/fbAQLP

exports[`To-Do list Rest API client todoById should get an error when getting a todo does not found it 1`] = `
{
  "consumer": {
    "name": "test-consumer",
  },
  "interactions": [
    {
      "description": "multiple todo list",
      "request": {
        "body": undefined,
        "headers": {},
        "method": "GET",
        "path": "/api/todos",
        "query": undefined,
      },
      "response": {
        "body": [
          {
            "completed": false,
            "description": "Milk, bread, eggs, cheese",
            "id": "1",
            "title": "Buy groceries",
          },
          {
            "completed": true,
            "description": "",
            "id": "2",
            "title": "Do laundry",
          },
          {
            "completed": false,
            "description": "Fix leaky faucet in the bathroom",
            "id": "3",
            "title": "Call plumber",
          },
        ],
        "matchingRules": {
          "$.body.data[*].id": {
            "match": "type",
          },
        },
        "status": 200,
      },
    },
    {
      "description": "graphql api returns a 500 http error",
      "providerState": "will return a 500 http error",
      "request": {
        "body": undefined,
        "headers": {},
        "method": "GET",
        "path": "/api/todos",
        "query": undefined,
      },
      "response": {
        "body": undefined,
        "matchingRules": undefined,
        "status": 500,
      },
    },
    {
      "description": "empty todo list",
      "request": {
        "body": undefined,
        "headers": {},
        "method": "GET",
        "path": "/api/todos",
        "query": undefined,
      },
      "response": {
        "body": [],
        "matchingRules": undefined,
        "status": 200,
      },
    },
    {
      "description": "should create a Todo with success",
      "request": {
        "body": {
          "title": "Buy groceries",
        },
        "headers": {
          "content-type": "application/json",
        },
        "method": "POST",
        "path": "/api/todos",
        "query": undefined,
      },
      "response": {
        "body": {
          "completed": false,
          "description": "Milk, bread, eggs, cheese",
          "id": "1",
          "title": "Buy groceries",
        },
        "matchingRules": undefined,
        "status": 200,
      },
    },
    {
      "description": "should found a todo item by its id",
      "providerState": "there is an existing todo item with this id",
      "request": {
        "body": undefined,
        "headers": {},
        "method": "GET",
        "path": "/api/todos/1",
        "query": undefined,
      },
      "response": {
        "body": {
          "completed": false,
          "description": "Milk, bread, eggs, cheese",
          "id": "1",
          "title": "Buy groceries",
        },
        "matchingRules": undefined,
        "status": 200,
      },
    },
    {
      "description": "should not found a todo item by its id",
      "request": {
        "body": undefined,
        "headers": {},
        "method": "GET",
        "path": "/api/todos/1",
        "query": undefined,
      },
      "response": {
        "body": {
          "message": "The todo item 1 is not found",
        },
        "matchingRules": undefined,
        "status": 404,
      },
    },
  ],
  "metadata": {
    "client": {
      "name": "pact-msw",
      "version": "1.0.3",
    },
    "pactSpecification": {
      "version": "2.0.0",
    },
  },
  "provider": {
    "name": "rest-provider",
  },
}
`;
